MO UpDownCounter NULL ..\src/updowncounter.v vlg61/_up_down_counter.bin 1330566983
MO RippleScaler NULL ..\src/ripplescaler.v vlg4A/_ripple_scaler.bin 1330566983
MO FourBitCounterWithLoad NULL ..\src\fourbitcounterwithload.v vlg2B/_four_bit_counter_with_load.bin 1330566983
MO ButtonPressDetector NULL ..\src/buttonpressdetector.v vlg2B/_button_press_detector.bin 1330566983
MO testbench NULL ..\src\testbench.v vlg6C/testbench.bin 1330566983
MO TFlipFlop NULL ..\src/tflipflop.v vlg70/_t_flip_flop.bin 1330566983
MO RippleCounter NULL ..\src/ripplecounter.v vlg54/_ripple_counter.bin 1330566983
