MO UpDownCounter NULL updowncounter.v vlg61/_up_down_counter.bin 1331096539
MO RippleScaler NULL ripplescaler.v vlg4A/_ripple_scaler.bin 1331096539
MO FourBitCounterWithLoad NULL fourbitcounterwithload.v vlg2B/_four_bit_counter_with_load.bin 1331096539
MO ButtonPressDetector NULL buttonpressdetector.v vlg2B/_button_press_detector.bin 1331096539
MO TFlipFlop NULL tflipflop.v vlg70/_t_flip_flop.bin 1331096539
MO RippleCounter NULL ripplecounter.v vlg54/_ripple_counter.bin 1331096539
