MO UpDownCounter NULL updowncounter.v vlg61/_up_down_counter.bin 1332876432
MO RippleScaler NULL ripplescaler.v vlg4A/_ripple_scaler.bin 1332876432
MO FourBitCounterWithLoad NULL fourbitcounterwithload.v vlg2B/_four_bit_counter_with_load.bin 1332876432
MO ButtonPressDetector NULL buttonpressdetector.v vlg2B/_button_press_detector.bin 1332876432
MO TFlipFlop NULL tflipflop.v vlg70/_t_flip_flop.bin 1332876432
MO RippleCounter NULL ripplecounter.v vlg54/_ripple_counter.bin 1332876432
MO UpDownCounter_Firewall NULL updowncounter.v vlg0E/_up_down_counter___firewall.bin 1332876432
